/opt/venv/lib/python3.12/site-packages/torch/cuda/__init__.py:68: FutureWarning: The pynvml package is deprecated. Please install nvidia-ml-py instead. If you did not install pynvml directly, please report this to the maintainers of the package that installed pynvml for you.
  import pynvml  # type: ignore[import]
WARNING: Logging before InitGoogleLogging() is written to STDERR
I20260907 09:33:25.001072 175272 transfer_engine_py.cpp:113] Selected Intra-NVLink memory allocator
I20260907 09:33:25.052652 175272 transfer_engine_impl.cpp:1046] Metrics reporting is disabled (set MC_TE_METRIC=1 to enable)
I20260907 09:33:25.052740 175272 transfer_engine_impl.cpp:116] Transfer Engine parseHostNameWithPort. server_name: 127.0.0.1 port: 12001
I20260907 09:33:25.052821 175272 transfer_engine_impl.cpp:183] Transfer Engine RPC using P2P handshake, listening on 127.0.0.1:15365
I20260907 09:33:25.052983 175272 transfer_engine_impl.cpp:259] Auto-discovering topology...
W20260907 09:33:25.053191 175272 topology.cpp:205] No RDMA devices found, check your device installation
I20260907 09:33:25.053285 175272 transfer_engine_impl.cpp:274] Topology discovery complete. Found 0 HCAs.
I20260907 09:33:25.053324 175272 transfer_engine_impl.cpp:369] Using Intra-Node NVLink transport (MC_INTRANODE_NVLINK set)
/opt/venv/lib/python3.12/site-packages/torch/cuda/__init__.py:68: FutureWarning: The pynvml package is deprecated. Please install nvidia-ml-py instead. If you did not install pynvml directly, please report this to the maintainers of the package that installed pynvml for you.
  import pynvml  # type: ignore[import]
WARNING: Logging before InitGoogleLogging() is written to STDERR
I20260907 09:33:26.709975 175270 transfer_engine_py.cpp:113] Selected Intra-NVLink memory allocator
I20260907 09:33:26.710052 175270 transfer_engine_impl.cpp:1046] Metrics reporting is disabled (set MC_TE_METRIC=1 to enable)
I20260907 09:33:26.710078 175270 transfer_engine_impl.cpp:116] Transfer Engine parseHostNameWithPort. server_name: 127.0.0.1 port: 12001
I20260907 09:33:26.710109 175270 transfer_engine_impl.cpp:183] Transfer Engine RPC using P2P handshake, listening on 127.0.0.1:15244
I20260907 09:33:26.710175 175270 transfer_engine_impl.cpp:259] Auto-discovering topology...
W20260907 09:33:26.710269 175270 topology.cpp:205] No RDMA devices found, check your device installation
I20260907 09:33:26.710309 175270 transfer_engine_impl.cpp:274] Topology discovery complete. Found 0 HCAs.
I20260907 09:33:26.710326 175270 transfer_engine_impl.cpp:369] Using Intra-Node NVLink transport (MC_INTRANODE_NVLINK set)
I20260907 09:33:26.720554 175270 intranode_nvlink_transport.cpp:83] IntraNodeNvlinkTransport: NVLink CUDA stream created on device 0 [physical: NVIDIA RTX PRO 6000 Blackwell Server Edition PCI 22:0] CUDA_VISIBLE_DEVICES=(not set) pid=175270
I20260907 09:33:26.722929 175270 intranode_nvlink_transport.cpp:197] IntraNodeNvlinkTransport: using cudaMemcpyBatchAsync (CUDA >= 13.0 path)
source_gpu=0 target_gpu=1 pool=268435456 pieces=1
write_bw=33.05 GB/s (35.49 GiB/s)
write_rounds=124 wall=1.007s
read_bw=37.79 GB/s (40.58 GiB/s)
read_rounds=141 wall=1.002s
