/opt/venv/lib/python3.12/site-packages/torch/cuda/__init__.py:68: FutureWarning: The pynvml package is deprecated. Please install nvidia-ml-py instead. If you did not install pynvml directly, please report this to the maintainers of the package that installed pynvml for you.
  import pynvml  # type: ignore[import]
WARNING: Logging before InitGoogleLogging() is written to STDERR
I20260907 09:32:47.641295 174414 transfer_engine_py.cpp:113] Selected Intra-NVLink memory allocator
I20260907 09:32:47.641367 174414 transfer_engine_impl.cpp:1046] Metrics reporting is disabled (set MC_TE_METRIC=1 to enable)
I20260907 09:32:47.641392 174414 transfer_engine_impl.cpp:116] Transfer Engine parseHostNameWithPort. server_name: 127.0.0.1 port: 12001
I20260907 09:32:47.641425 174414 transfer_engine_impl.cpp:183] Transfer Engine RPC using P2P handshake, listening on 127.0.0.1:15520
I20260907 09:32:47.641491 174414 transfer_engine_impl.cpp:259] Auto-discovering topology...
W20260907 09:32:47.641602 174414 topology.cpp:205] No RDMA devices found, check your device installation
I20260907 09:32:47.641639 174414 transfer_engine_impl.cpp:274] Topology discovery complete. Found 0 HCAs.
I20260907 09:32:47.641654 174414 transfer_engine_impl.cpp:369] Using Intra-Node NVLink transport (MC_INTRANODE_NVLINK set)
/opt/venv/lib/python3.12/site-packages/torch/cuda/__init__.py:68: FutureWarning: The pynvml package is deprecated. Please install nvidia-ml-py instead. If you did not install pynvml directly, please report this to the maintainers of the package that installed pynvml for you.
  import pynvml  # type: ignore[import]
WARNING: Logging before InitGoogleLogging() is written to STDERR
I20260907 09:32:49.347736 174412 transfer_engine_py.cpp:113] Selected Intra-NVLink memory allocator
I20260907 09:32:49.366811 174412 transfer_engine_impl.cpp:1046] Metrics reporting is disabled (set MC_TE_METRIC=1 to enable)
I20260907 09:32:49.366863 174412 transfer_engine_impl.cpp:116] Transfer Engine parseHostNameWithPort. server_name: 127.0.0.1 port: 12001
I20260907 09:32:49.366923 174412 transfer_engine_impl.cpp:183] Transfer Engine RPC using P2P handshake, listening on 127.0.0.1:15718
I20260907 09:32:49.367048 174412 transfer_engine_impl.cpp:259] Auto-discovering topology...
W20260907 09:32:49.367211 174412 topology.cpp:205] No RDMA devices found, check your device installation
I20260907 09:32:49.367286 174412 transfer_engine_impl.cpp:274] Topology discovery complete. Found 0 HCAs.
I20260907 09:32:49.367314 174412 transfer_engine_impl.cpp:369] Using Intra-Node NVLink transport (MC_INTRANODE_NVLINK set)
I20260907 09:32:49.380874 174412 intranode_nvlink_transport.cpp:83] IntraNodeNvlinkTransport: NVLink CUDA stream created on device 0 [physical: NVIDIA RTX PRO 6000 Blackwell Server Edition PCI 22:0] CUDA_VISIBLE_DEVICES=(not set) pid=174412
I20260907 09:32:49.383260 174412 intranode_nvlink_transport.cpp:197] IntraNodeNvlinkTransport: using cudaMemcpyBatchAsync (CUDA >= 13.0 path)
source_gpu=0 target_gpu=1 pool=268435456 pieces=1
write_bw=32.60 GB/s (35.01 GiB/s)
write_rounds=122 wall=1.004s
read_bw=37.76 GB/s (40.54 GiB/s)
read_rounds=141 wall=1.002s
